FAIL src/pages/__tests__/ReceptionistDashboard.test.js
  ● Console

    console.error
      Warning: `ReactDOMTestUtils.act` is deprecated in favor of `React.act`. Import `act` from `react` instead of `react-dom/test-utils`. See https://react.dev/warnings/react-dom-test-utils for more info.

      34 |
      35 |     it('renders receptionist dashboard properly', () => {
    > 36 |         render(<ReceptionistDashboard />);
         |               ^
      37 |         expect(screen.getByText(/Receptionist Dashboard/i)).toBeInTheDocument();
      38 |         expect(screen.getAllByText(/Today's Appointments/i)[0]).toBeInTheDocument();
      39 |         expect(screen.getByText(/Active Complaints/i)).toBeInTheDocument();

      at printWarning (node_modules/react-dom/cjs/react-dom-test-utils.development.js:71:30)
      at error (node_modules/react-dom/cjs/react-dom-test-utils.development.js:45:7)
      at actWithWarning (node_modules/react-dom/cjs/react-dom-test-utils.development.js:1736:7)
      at node_modules/@testing-library/react/dist/act-compat.js:63:25
      at renderRoot (node_modules/@testing-library/react/dist/pure.js:159:26)
      at render (node_modules/@testing-library/react/dist/pure.js:246:10)
      at Object.<anonymous> (src/pages/__tests__/ReceptionistDashboard.test.js:36:15)

  ● ReceptionistDashboard Component › renders receptionist dashboard properly

    TestingLibraryElementError: Unable to find an element with the text: /Active Complaints/i. This could be because the text is broken up by multiple elements. In this case, you can provide a function for your text matcher to make your matcher more flexible.

    Ignored nodes: comments, script, style
    [36m<body>[39m
      [36m<div>[39m
        [36m<div[39m
          [33mclass[39m=[32m"min-h-screen bg-gray-50"[39m
        [36m>[39m
          [36m<div[39m
            [33mclass[39m=[32m"bg-gradient-to-r from-purple-600 via-pink-600 to-purple-800 shadow-lg border-b border-gray-200"[39m
          [36m>[39m
            [36m<div[39m
              [33mclass[39m=[32m"max-w-7xl mx-auto px-4 sm:px-6 lg:px-8 py-8"[39m
            [36m>[39m
              [36m<div[39m
                [33mclass[39m=[32m"flex items-center justify-between"[39m
              [36m>[39m
                [36m<div>[39m
                  [36m<h1[39m
                    [33mclass[39m=[32m"text-4xl font-bold text-white"[39m
                  [36m>[39m
                    [0mReceptionist Dashboard[0m
                  [36m</h1>[39m
                  [36m<p[39m
                    [33mclass[39m=[32m"text-purple-100 mt-2 text-lg"[39m
                  [36m>[39m
                    [0mManage patients, appointments, and complaints efficiently[0m
                  [36m</p>[39m
                [36m</div>[39m
                [36m<div[39m
                  [33mclass[39m=[32m"flex items-center gap-6"[39m
                [36m>[39m
                  [36m<div[39m
                    [33mclass[39m=[32m"text-right"[39m
                  [36m>[39m
                    [36m<p[39m
                      [33mclass[39m=[32m"text-sm text-purple-200"[39m
                    [36m>[39m
                      [0mWelcome back[0m
                    [36m</p>[39m
                    [36m<p[39m
                      [33mclass[39m=[32m"text-sm font-medium text-white"[39m
                    [36m>[39m
                      [0mReceptionist[0m
                    [36m</p>[39m
                  [36m</div>[39m
                  [36m<div[39m
                    [33mclass[39m=[32m"h-16 w-16 bg-white/20 backdrop-blur-sm rounded-full flex items-center justify-center border-2 border-white/30"[39m
                  [36m>[39m
                    [36m<svg[39m
                      [33mclass[39m=[32m"h-8 w-8 text-white"[39m
                      [33mfill[39m=[32m"none"[39m
                      [33mheight[39m=[32m"24"[39m
                      [33mstroke[39m=[32m"currentColor"[39m
                      [33mstroke-linecap[39m=[32m"round"[39m
                      [33mstroke-linejoin[39m=[32m"round"[39m
                      [33mstroke-width[39m=[32m"2"[39m
                      [33mviewBox[39m=[32m"0 0 24 24"[39m
                      [33mwidth[39m=[32m"24"[39m
                      [33mxmlns[39m=[32m"http://www.w3.org/2000/svg"[39m
                    [36m>[39m
                      [36m<path[39m
                        [33md[39m=[32m"M16 21v-2a4 4 0 0 0-4-4H6a4 4 0 0 0-4 4v2"[39m
                      [36m/>[39m
                      [36m<circle[39m
                        [33mcx[39m=[32m"9"[39m
                        [33mcy[39m=[32m"7"[39m
                        [33mr[39m=[32m"4"[39m
                      [36m/>[39m
                      [36m<polyline[39m
                        [33mpoints[39m=[32m"16 11 18 13 22 9"[39m
                      [36m/>[39m
                    [36m</svg>[39m
                  [36m</div>[39m
                [36m</div>[39m
              [36m</div>[39m
            [36m</div>[39m
          [36m</div>[39m
          [36m<div[39m
            [33mclass[39m=[32m"max-w-7xl mx-auto px-4 sm:px-6 lg:px-8 py-8"[39m
          [36m>[39m
            [36m<div[39m
              [33mclass[39m=[32m"grid grid-cols-1 md:grid-cols-2 lg:grid-cols-4 gap-6 mb-8"[39m
            [36m>[39m
              [36m<div[39m
                [33mclass[39m=[32m"bg-blue-50 rounded-xl p-6 shadow-sm border border-gray-100 hover:shadow-lg transition-all duration-300 hover:scale-105 cursor-pointer"[39m
              [36m>[39m
                [36m<div[39m
                  [33mclass[39m=[32m"flex items-center justify-between"[39m
                [36m>[39m
                  [36m<div>[39m
                    [36m<p[39m
                      [33mclass[39m=[32m"text-sm font-medium text-gray-600"[39m
                    [36m>[39m
                      [0mToday's Appointments[0m
                    [36m</p>[39m
                    [36m<p[39m
                      [33mclass[39m=[32m"text-3xl font-bold text-gray-900 mt-1"[39m
                    [36m>[39m
                      [0m0[0m
                    [36m</p>[39m
                    [36m<p[39m
                      [33mclass[39m=[32m"text-xs text-gray-500 mt-1"[39m
                    [36m>[39m
                      [0mScheduled for today[0m
                    [36m</p>[39m
                  [36m</div>[39m
                  [36m<div[39m
                    [33mclass[39m=[32m"p-3 rounded-lg bg-blue-500 shadow-sm"[39m
                  [36m>[39m
                    [36m<svg[39m
                      [33mclass[39m=[32m"h-6 w-6 text-white"[39m
                      [33mfill[39m=[32m"none"[39m
                      [33mheight[39m=[32m"24"[39m
                      [33mstroke[39m=[32m"currentColor"[39m
                      [33mstroke-linecap[39m=[32m"round"[39m
                      [33mstroke-linejoin[39m=[32m"round"[39m
                      [33mstroke-width[39m=[32m"2"[39m
                      [33mviewBox[39m=[32m"0 0 24 24"[39m
                      [33mwidth[39m=[32m"24"[39m
                      [33mxmlns[39m=[32m"http://www.w3.org/2000/svg"[39m
                    [36m>[39m
                      [36m<rect[39m
                        [33mheight[39m=[32m"18"[39m
                        [33mrx[39m=[32m"2"[39m
                        [33mry[39m=[32m"2"[39m
                        [33mwidth[39m=[32m"18"[39m
                        [33mx[39m=[32m"3"[39m
                        [33my[39m=[32m"4"[39m
                      [36m/>[39m
                      [36m<line[39m
                        [33mx1[39m=[32m"16"[39m
                        [33mx2[39m=[32m"16"[39m
                        [33my1[39m=[32m"2"[39m
                        [33my2[39m=[32m"6"[39m
                      [36m/>[39m
                      [36m<line[39m
                        [33mx1[39m=[32m"8"[39m
                        [33mx2[39m=[32m"8"[39m
                        [33my1[39m=[32m"2"[39m
                        [33my2[39m=[32m"6"[39m
                      [36m/>[39m
                      [36m<line[39m
                        [33mx1[39m=[32m"3"[39m
                        [33mx2[39m=[32m"21"[39m
                        [33my1[39m=[32m"10"[39m
                        [33my2[39m=[32m"10"[39m
                      [36m/>[39m
                    [36m</svg>[39m
                  [36m</div>[39m
                [36m</div>[39m
              [36m</div>[39m
              [36m<div[39m
                [33mclass[39m=[32m"bg-orange-50 rounded-xl p-6 shadow-sm border border-gray-100 hover:shadow-lg transition-all duration-300 hover:scale-105 cursor-pointer"[39m
              [36m>[39m
                [36m<div[39m
                  [33mclass[39m=[32m"flex items-center justify-between"[39m
                [36m>[39m
                  [36m<div>[39m
                    [36m<p[39m
                      [33mclass[39m=[32m"text-sm font-medium text-gray-60...

      37 |         expect(screen.getByText(/Receptionist Dashboard/i)).toBeInTheDocument();
      38 |         expect(screen.getAllByText(/Today's Appointments/i)[0]).toBeInTheDocument();
    > 39 |         expect(screen.getByText(/Active Complaints/i)).toBeInTheDocument();
         |                       ^
      40 |     });
      41 | });
      42 |

      at Object.getElementError (node_modules/@testing-library/react/node_modules/@testing-library/dom/dist/config.js:37:19)
      at node_modules/@testing-library/react/node_modules/@testing-library/dom/dist/query-helpers.js:76:38
      at node_modules/@testing-library/react/node_modules/@testing-library/dom/dist/query-helpers.js:52:17
      at getByText (node_modules/@testing-library/react/node_modules/@testing-library/dom/dist/query-helpers.js:95:19)
      at Object.<anonymous> (src/pages/__tests__/ReceptionistDashboard.test.js:39:23)

PASS src/pages/__tests__/PatientDashboard.test.js
  ● Console

    console.error
      Warning: `ReactDOMTestUtils.act` is deprecated in favor of `React.act`. Import `act` from `react` instead of `react-dom/test-utils`. See https://react.dev/warnings/react-dom-test-utils for more info.

      38 |
      39 |     it('renders patient dashboard components', () => {
    > 40 |         render(<PatientDashboard />);
         |               ^
      41 |         // Tab text
      42 |         expect(screen.getByText('Upcoming Visits')).toBeInTheDocument();
      43 |         expect(screen.getByText('Medical Records')).toBeInTheDocument();

      at printWarning (node_modules/react-dom/cjs/react-dom-test-utils.development.js:71:30)
      at error (node_modules/react-dom/cjs/react-dom-test-utils.development.js:45:7)
      at actWithWarning (node_modules/react-dom/cjs/react-dom-test-utils.development.js:1736:7)
      at node_modules/@testing-library/react/dist/act-compat.js:63:25
      at renderRoot (node_modules/@testing-library/react/dist/pure.js:159:26)
      at render (node_modules/@testing-library/react/dist/pure.js:246:10)
      at Object.<anonymous> (src/pages/__tests__/PatientDashboard.test.js:40:15)

PASS src/pages/__tests__/Register.test.js
  ● Console

    console.error
      Warning: `ReactDOMTestUtils.act` is deprecated in favor of `React.act`. Import `act` from `react` instead of `react-dom/test-utils`. See https://react.dev/warnings/react-dom-test-utils for more info.

      25 |
      26 |     const renderRegister = () => {
    > 27 |         return render(
         |                      ^
      28 |             <BrowserRouter>
      29 |                 <Register />
      30 |             </BrowserRouter>

      at printWarning (node_modules/react-dom/cjs/react-dom-test-utils.development.js:71:30)
      at error (node_modules/react-dom/cjs/react-dom-test-utils.development.js:45:7)
      at actWithWarning (node_modules/react-dom/cjs/react-dom-test-utils.development.js:1736:7)
      at node_modules/@testing-library/react/dist/act-compat.js:63:25
      at renderRoot (node_modules/@testing-library/react/dist/pure.js:159:26)
      at render (node_modules/@testing-library/react/dist/pure.js:246:10)
      at renderRegister (src/pages/__tests__/Register.test.js:27:22)
      at Object.<anonymous> (src/pages/__tests__/Register.test.js:35:9)

    console.warn
      ⚠️ React Router Future Flag Warning: React Router will begin wrapping state updates in `React.startTransition` in v7. You can use the `v7_startTransition` future flag to opt-in early. For more information, see https://reactrouter.com/v6/upgrading/future#v7_starttransition.

      25 |
      26 |     const renderRegister = () => {
    > 27 |         return render(
         |                      ^
      28 |             <BrowserRouter>
      29 |                 <Register />
      30 |             </BrowserRouter>

      at warnOnce (node_modules/react-router/lib/deprecations.ts:9:13)
      at logDeprecation (node_modules/react-router/lib/deprecations.ts:14:3)
      at Object.logV6DeprecationWarnings [as UNSAFE_logV6DeprecationWarnings] (node_modules/react-router/lib/deprecations.ts:26:5)
      at node_modules/react-router-dom/index.tsx:816:25
      at commitHookEffectListMount (node_modules/react-dom/cjs/react-dom.development.js:23189:26)
      at commitPassiveMountOnFiber (node_modules/react-dom/cjs/react-dom.development.js:24970:11)
      at commitPassiveMountEffects_complete (node_modules/react-dom/cjs/react-dom.development.js:24930:9)
      at commitPassiveMountEffects_begin (node_modules/react-dom/cjs/react-dom.development.js:24917:7)
      at commitPassiveMountEffects (node_modules/react-dom/cjs/react-dom.development.js:24905:3)
      at flushPassiveEffectsImpl (node_modules/react-dom/cjs/react-dom.development.js:27078:3)
      at flushPassiveEffects (node_modules/react-dom/cjs/react-dom.development.js:27023:14)
      at node_modules/react-dom/cjs/react-dom.development.js:26808:9
      at flushActQueue (node_modules/react/cjs/react.development.js:2667:24)
      at act (node_modules/react/cjs/react.development.js:2582:11)
      at actWithWarning (node_modules/react-dom/cjs/react-dom-test-utils.development.js:1740:10)
      at node_modules/@testing-library/react/dist/act-compat.js:63:25
      at renderRoot (node_modules/@testing-library/react/dist/pure.js:159:26)
      at render (node_modules/@testing-library/react/dist/pure.js:246:10)
      at renderRegister (src/pages/__tests__/Register.test.js:27:22)
      at Object.<anonymous> (src/pages/__tests__/Register.test.js:35:9)

    console.warn
      ⚠️ React Router Future Flag Warning: Relative route resolution within Splat routes is changing in v7. You can use the `v7_relativeSplatPath` future flag to opt-in early. For more information, see https://reactrouter.com/v6/upgrading/future#v7_relativesplatpath.

      25 |
      26 |     const renderRegister = () => {
    > 27 |         return render(
         |                      ^
      28 |             <BrowserRouter>
      29 |                 <Register />
      30 |             </BrowserRouter>

      at warnOnce (node_modules/react-router/lib/deprecations.ts:9:13)
      at logDeprecation (node_modules/react-router/lib/deprecations.ts:14:3)
      at Object.logV6DeprecationWarnings [as UNSAFE_logV6DeprecationWarnings] (node_modules/react-router/lib/deprecations.ts:37:5)
      at node_modules/react-router-dom/index.tsx:816:25
      at commitHookEffectListMount (node_modules/react-dom/cjs/react-dom.development.js:23189:26)
      at commitPassiveMountOnFiber (node_modules/react-dom/cjs/react-dom.development.js:24970:11)
      at commitPassiveMountEffects_complete (node_modules/react-dom/cjs/react-dom.development.js:24930:9)
      at commitPassiveMountEffects_begin (node_modules/react-dom/cjs/react-dom.development.js:24917:7)
      at commitPassiveMountEffects (node_modules/react-dom/cjs/react-dom.development.js:24905:3)
      at flushPassiveEffectsImpl (node_modules/react-dom/cjs/react-dom.development.js:27078:3)
      at flushPassiveEffects (node_modules/react-dom/cjs/react-dom.development.js:27023:14)
      at node_modules/react-dom/cjs/react-dom.development.js:26808:9
      at flushActQueue (node_modules/react/cjs/react.development.js:2667:24)
      at act (node_modules/react/cjs/react.development.js:2582:11)
      at actWithWarning (node_modules/react-dom/cjs/react-dom-test-utils.development.js:1740:10)
      at node_modules/@testing-library/react/dist/act-compat.js:63:25
      at renderRoot (node_modules/@testing-library/react/dist/pure.js:159:26)
      at render (node_modules/@testing-library/react/dist/pure.js:246:10)
      at renderRegister (src/pages/__tests__/Register.test.js:27:22)
      at Object.<anonymous> (src/pages/__tests__/Register.test.js:35:9)

PASS src/pages/__tests__/Login.test.js
  ● Console

    console.error
      Warning: `ReactDOMTestUtils.act` is deprecated in favor of `React.act`. Import `act` from `react` instead of `react-dom/test-utils`. See https://react.dev/warnings/react-dom-test-utils for more info.

      25 |
      26 |     const renderLogin = () => {
    > 27 |         return render(
         |                      ^
      28 |             <BrowserRouter>
      29 |                 <Login />
      30 |             </BrowserRouter>

      at printWarning (node_modules/react-dom/cjs/react-dom-test-utils.development.js:71:30)
      at error (node_modules/react-dom/cjs/react-dom-test-utils.development.js:45:7)
      at actWithWarning (node_modules/react-dom/cjs/react-dom-test-utils.development.js:1736:7)
      at node_modules/@testing-library/react/dist/act-compat.js:63:25
      at renderRoot (node_modules/@testing-library/react/dist/pure.js:159:26)
      at render (node_modules/@testing-library/react/dist/pure.js:246:10)
      at renderLogin (src/pages/__tests__/Login.test.js:27:22)
      at Object.<anonymous> (src/pages/__tests__/Login.test.js:35:9)

    console.warn
      ⚠️ React Router Future Flag Warning: React Router will begin wrapping state updates in `React.startTransition` in v7. You can use the `v7_startTransition` future flag to opt-in early. For more information, see https://reactrouter.com/v6/upgrading/future#v7_starttransition.

      25 |
      26 |     const renderLogin = () => {
    > 27 |         return render(
         |                      ^
      28 |             <BrowserRouter>
      29 |                 <Login />
      30 |             </BrowserRouter>

      at warnOnce (node_modules/react-router/lib/deprecations.ts:9:13)
      at logDeprecation (node_modules/react-router/lib/deprecations.ts:14:3)
      at Object.logV6DeprecationWarnings [as UNSAFE_logV6DeprecationWarnings] (node_modules/react-router/lib/deprecations.ts:26:5)
      at node_modules/react-router-dom/index.tsx:816:25
      at commitHookEffectListMount (node_modules/react-dom/cjs/react-dom.development.js:23189:26)
      at commitPassiveMountOnFiber (node_modules/react-dom/cjs/react-dom.development.js:24970:11)
      at commitPassiveMountEffects_complete (node_modules/react-dom/cjs/react-dom.development.js:24930:9)
      at commitPassiveMountEffects_begin (node_modules/react-dom/cjs/react-dom.development.js:24917:7)
      at commitPassiveMountEffects (node_modules/react-dom/cjs/react-dom.development.js:24905:3)
      at flushPassiveEffectsImpl (node_modules/react-dom/cjs/react-dom.development.js:27078:3)
      at flushPassiveEffects (node_modules/react-dom/cjs/react-dom.development.js:27023:14)
      at node_modules/react-dom/cjs/react-dom.development.js:26808:9
      at flushActQueue (node_modules/react/cjs/react.development.js:2667:24)
      at act (node_modules/react/cjs/react.development.js:2582:11)
      at actWithWarning (node_modules/react-dom/cjs/react-dom-test-utils.development.js:1740:10)
      at node_modules/@testing-library/react/dist/act-compat.js:63:25
      at renderRoot (node_modules/@testing-library/react/dist/pure.js:159:26)
      at render (node_modules/@testing-library/react/dist/pure.js:246:10)
      at renderLogin (src/pages/__tests__/Login.test.js:27:22)
      at Object.<anonymous> (src/pages/__tests__/Login.test.js:35:9)

    console.warn
      ⚠️ React Router Future Flag Warning: Relative route resolution within Splat routes is changing in v7. You can use the `v7_relativeSplatPath` future flag to opt-in early. For more information, see https://reactrouter.com/v6/upgrading/future#v7_relativesplatpath.

      25 |
      26 |     const renderLogin = () => {
    > 27 |         return render(
         |                      ^
      28 |             <BrowserRouter>
      29 |                 <Login />
      30 |             </BrowserRouter>

      at warnOnce (node_modules/react-router/lib/deprecations.ts:9:13)
      at logDeprecation (node_modules/react-router/lib/deprecations.ts:14:3)
      at Object.logV6DeprecationWarnings [as UNSAFE_logV6DeprecationWarnings] (node_modules/react-router/lib/deprecations.ts:37:5)
      at node_modules/react-router-dom/index.tsx:816:25
      at commitHookEffectListMount (node_modules/react-dom/cjs/react-dom.development.js:23189:26)
      at commitPassiveMountOnFiber (node_modules/react-dom/cjs/react-dom.development.js:24970:11)
      at commitPassiveMountEffects_complete (node_modules/react-dom/cjs/react-dom.development.js:24930:9)
      at commitPassiveMountEffects_begin (node_modules/react-dom/cjs/react-dom.development.js:24917:7)
      at commitPassiveMountEffects (node_modules/react-dom/cjs/react-dom.development.js:24905:3)
      at flushPassiveEffectsImpl (node_modules/react-dom/cjs/react-dom.development.js:27078:3)
      at flushPassiveEffects (node_modules/react-dom/cjs/react-dom.development.js:27023:14)
      at node_modules/react-dom/cjs/react-dom.development.js:26808:9
      at flushActQueue (node_modules/react/cjs/react.development.js:2667:24)
      at act (node_modules/react/cjs/react.development.js:2582:11)
      at actWithWarning (node_modules/react-dom/cjs/react-dom-test-utils.development.js:1740:10)
      at node_modules/@testing-library/react/dist/act-compat.js:63:25
      at renderRoot (node_modules/@testing-library/react/dist/pure.js:159:26)
      at render (node_modules/@testing-library/react/dist/pure.js:246:10)
      at renderLogin (src/pages/__tests__/Login.test.js:27:22)
      at Object.<anonymous> (src/pages/__tests__/Login.test.js:35:9)

PASS src/pages/__tests__/Home.test.js
  ● Console

    console.error
      Warning: `ReactDOMTestUtils.act` is deprecated in favor of `React.act`. Import `act` from `react` instead of `react-dom/test-utils`. See https://react.dev/warnings/react-dom-test-utils for more info.

      16 |
      17 |     const renderHome = () => {
    > 18 |         return render(
         |                      ^
      19 |             <BrowserRouter>
      20 |                 <Home />
      21 |             </BrowserRouter>

      at printWarning (node_modules/react-dom/cjs/react-dom-test-utils.development.js:71:30)
      at error (node_modules/react-dom/cjs/react-dom-test-utils.development.js:45:7)
      at actWithWarning (node_modules/react-dom/cjs/react-dom-test-utils.development.js:1736:7)
      at node_modules/@testing-library/react/dist/act-compat.js:63:25
      at renderRoot (node_modules/@testing-library/react/dist/pure.js:159:26)
      at render (node_modules/@testing-library/react/dist/pure.js:246:10)
      at renderHome (src/pages/__tests__/Home.test.js:18:22)
      at Object.<anonymous> (src/pages/__tests__/Home.test.js:26:9)

    console.warn
      ⚠️ React Router Future Flag Warning: React Router will begin wrapping state updates in `React.startTransition` in v7. You can use the `v7_startTransition` future flag to opt-in early. For more information, see https://reactrouter.com/v6/upgrading/future#v7_starttransition.

      16 |
      17 |     const renderHome = () => {
    > 18 |         return render(
         |                      ^
      19 |             <BrowserRouter>
      20 |                 <Home />
      21 |             </BrowserRouter>

      at warnOnce (node_modules/react-router/lib/deprecations.ts:9:13)
      at logDeprecation (node_modules/react-router/lib/deprecations.ts:14:3)
      at Object.logV6DeprecationWarnings [as UNSAFE_logV6DeprecationWarnings] (node_modules/react-router/lib/deprecations.ts:26:5)
      at node_modules/react-router-dom/index.tsx:816:25
      at commitHookEffectListMount (node_modules/react-dom/cjs/react-dom.development.js:23189:26)
      at commitPassiveMountOnFiber (node_modules/react-dom/cjs/react-dom.development.js:24970:11)
      at commitPassiveMountEffects_complete (node_modules/react-dom/cjs/react-dom.development.js:24930:9)
      at commitPassiveMountEffects_begin (node_modules/react-dom/cjs/react-dom.development.js:24917:7)
      at commitPassiveMountEffects (node_modules/react-dom/cjs/react-dom.development.js:24905:3)
      at flushPassiveEffectsImpl (node_modules/react-dom/cjs/react-dom.development.js:27078:3)
      at flushPassiveEffects (node_modules/react-dom/cjs/react-dom.development.js:27023:14)
      at node_modules/react-dom/cjs/react-dom.development.js:26808:9
      at flushActQueue (node_modules/react/cjs/react.development.js:2667:24)
      at act (node_modules/react/cjs/react.development.js:2582:11)
      at actWithWarning (node_modules/react-dom/cjs/react-dom-test-utils.development.js:1740:10)
      at node_modules/@testing-library/react/dist/act-compat.js:63:25
      at renderRoot (node_modules/@testing-library/react/dist/pure.js:159:26)
      at render (node_modules/@testing-library/react/dist/pure.js:246:10)
      at renderHome (src/pages/__tests__/Home.test.js:18:22)
      at Object.<anonymous> (src/pages/__tests__/Home.test.js:26:9)

    console.warn
      ⚠️ React Router Future Flag Warning: Relative route resolution within Splat routes is changing in v7. You can use the `v7_relativeSplatPath` future flag to opt-in early. For more information, see https://reactrouter.com/v6/upgrading/future#v7_relativesplatpath.

      16 |
      17 |     const renderHome = () => {
    > 18 |         return render(
         |                      ^
      19 |             <BrowserRouter>
      20 |                 <Home />
      21 |             </BrowserRouter>

      at warnOnce (node_modules/react-router/lib/deprecations.ts:9:13)
      at logDeprecation (node_modules/react-router/lib/deprecations.ts:14:3)
      at Object.logV6DeprecationWarnings [as UNSAFE_logV6DeprecationWarnings] (node_modules/react-router/lib/deprecations.ts:37:5)
      at node_modules/react-router-dom/index.tsx:816:25
      at commitHookEffectListMount (node_modules/react-dom/cjs/react-dom.development.js:23189:26)
      at commitPassiveMountOnFiber (node_modules/react-dom/cjs/react-dom.development.js:24970:11)
      at commitPassiveMountEffects_complete (node_modules/react-dom/cjs/react-dom.development.js:24930:9)
      at commitPassiveMountEffects_begin (node_modules/react-dom/cjs/react-dom.development.js:24917:7)
      at commitPassiveMountEffects (node_modules/react-dom/cjs/react-dom.development.js:24905:3)
      at flushPassiveEffectsImpl (node_modules/react-dom/cjs/react-dom.development.js:27078:3)
      at flushPassiveEffects (node_modules/react-dom/cjs/react-dom.development.js:27023:14)
      at node_modules/react-dom/cjs/react-dom.development.js:26808:9
      at flushActQueue (node_modules/react/cjs/react.development.js:2667:24)
      at act (node_modules/react/cjs/react.development.js:2582:11)
      at actWithWarning (node_modules/react-dom/cjs/react-dom-test-utils.development.js:1740:10)
      at node_modules/@testing-library/react/dist/act-compat.js:63:25
      at renderRoot (node_modules/@testing-library/react/dist/pure.js:159:26)
      at render (node_modules/@testing-library/react/dist/pure.js:246:10)
      at renderHome (src/pages/__tests__/Home.test.js:18:22)
      at Object.<anonymous> (src/pages/__tests__/Home.test.js:26:9)

PASS src/pages/__tests__/Dashboard.test.js
  ● Console

    console.error
      Warning: `ReactDOMTestUtils.act` is deprecated in favor of `React.act`. Import `act` from `react` instead of `react-dom/test-utils`. See https://react.dev/warnings/react-dom-test-utils for more info.

      17 |
      18 |     const renderDashboard = () => {
    > 19 |         return render(
         |                      ^
      20 |             <BrowserRouter>
      21 |                 <Dashboard />
      22 |             </BrowserRouter>

      at printWarning (node_modules/react-dom/cjs/react-dom-test-utils.development.js:71:30)
      at error (node_modules/react-dom/cjs/react-dom-test-utils.development.js:45:7)
      at actWithWarning (node_modules/react-dom/cjs/react-dom-test-utils.development.js:1736:7)
      at node_modules/@testing-library/react/dist/act-compat.js:63:25
      at renderRoot (node_modules/@testing-library/react/dist/pure.js:159:26)
      at render (node_modules/@testing-library/react/dist/pure.js:246:10)
      at renderDashboard (src/pages/__tests__/Dashboard.test.js:19:22)
      at Object.<anonymous> (src/pages/__tests__/Dashboard.test.js:27:9)

    console.warn
      ⚠️ React Router Future Flag Warning: React Router will begin wrapping state updates in `React.startTransition` in v7. You can use the `v7_startTransition` future flag to opt-in early. For more information, see https://reactrouter.com/v6/upgrading/future#v7_starttransition.

      17 |
      18 |     const renderDashboard = () => {
    > 19 |         return render(
         |                      ^
      20 |             <BrowserRouter>
      21 |                 <Dashboard />
      22 |             </BrowserRouter>

      at warnOnce (node_modules/react-router/lib/deprecations.ts:9:13)
      at logDeprecation (node_modules/react-router/lib/deprecations.ts:14:3)
      at Object.logV6DeprecationWarnings [as UNSAFE_logV6DeprecationWarnings] (node_modules/react-router/lib/deprecations.ts:26:5)
      at node_modules/react-router-dom/index.tsx:816:25
      at commitHookEffectListMount (node_modules/react-dom/cjs/react-dom.development.js:23189:26)
      at commitPassiveMountOnFiber (node_modules/react-dom/cjs/react-dom.development.js:24970:11)
      at commitPassiveMountEffects_complete (node_modules/react-dom/cjs/react-dom.development.js:24930:9)
      at commitPassiveMountEffects_begin (node_modules/react-dom/cjs/react-dom.development.js:24917:7)
      at commitPassiveMountEffects (node_modules/react-dom/cjs/react-dom.development.js:24905:3)
      at flushPassiveEffectsImpl (node_modules/react-dom/cjs/react-dom.development.js:27078:3)
      at flushPassiveEffects (node_modules/react-dom/cjs/react-dom.development.js:27023:14)
      at node_modules/react-dom/cjs/react-dom.development.js:26808:9
      at flushActQueue (node_modules/react/cjs/react.development.js:2667:24)
      at act (node_modules/react/cjs/react.development.js:2582:11)
      at actWithWarning (node_modules/react-dom/cjs/react-dom-test-utils.development.js:1740:10)
      at node_modules/@testing-library/react/dist/act-compat.js:63:25
      at renderRoot (node_modules/@testing-library/react/dist/pure.js:159:26)
      at render (node_modules/@testing-library/react/dist/pure.js:246:10)
      at renderDashboard (src/pages/__tests__/Dashboard.test.js:19:22)
      at Object.<anonymous> (src/pages/__tests__/Dashboard.test.js:27:9)

    console.warn
      ⚠️ React Router Future Flag Warning: Relative route resolution within Splat routes is changing in v7. You can use the `v7_relativeSplatPath` future flag to opt-in early. For more information, see https://reactrouter.com/v6/upgrading/future#v7_relativesplatpath.

      17 |
      18 |     const renderDashboard = () => {
    > 19 |         return render(
         |                      ^
      20 |             <BrowserRouter>
      21 |                 <Dashboard />
      22 |             </BrowserRouter>

      at warnOnce (node_modules/react-router/lib/deprecations.ts:9:13)
      at logDeprecation (node_modules/react-router/lib/deprecations.ts:14:3)
      at Object.logV6DeprecationWarnings [as UNSAFE_logV6DeprecationWarnings] (node_modules/react-router/lib/deprecations.ts:37:5)
      at node_modules/react-router-dom/index.tsx:816:25
      at commitHookEffectListMount (node_modules/react-dom/cjs/react-dom.development.js:23189:26)
      at commitPassiveMountOnFiber (node_modules/react-dom/cjs/react-dom.development.js:24970:11)
      at commitPassiveMountEffects_complete (node_modules/react-dom/cjs/react-dom.development.js:24930:9)
      at commitPassiveMountEffects_begin (node_modules/react-dom/cjs/react-dom.development.js:24917:7)
      at commitPassiveMountEffects (node_modules/react-dom/cjs/react-dom.development.js:24905:3)
      at flushPassiveEffectsImpl (node_modules/react-dom/cjs/react-dom.development.js:27078:3)
      at flushPassiveEffects (node_modules/react-dom/cjs/react-dom.development.js:27023:14)
      at node_modules/react-dom/cjs/react-dom.development.js:26808:9
      at flushActQueue (node_modules/react/cjs/react.development.js:2667:24)
      at act (node_modules/react/cjs/react.development.js:2582:11)
      at actWithWarning (node_modules/react-dom/cjs/react-dom-test-utils.development.js:1740:10)
      at node_modules/@testing-library/react/dist/act-compat.js:63:25
      at renderRoot (node_modules/@testing-library/react/dist/pure.js:159:26)
      at render (node_modules/@testing-library/react/dist/pure.js:246:10)
      at renderDashboard (src/pages/__tests__/Dashboard.test.js:19:22)
      at Object.<anonymous> (src/pages/__tests__/Dashboard.test.js:27:9)

PASS src/pages/__tests__/AdminDashboard.test.js
  ● Console

    console.error
      Warning: `ReactDOMTestUtils.act` is deprecated in favor of `React.act`. Import `act` from `react` instead of `react-dom/test-utils`. See https://react.dev/warnings/react-dom-test-utils for more info.

       5 | describe('AdminDashboard Component', () => {
       6 |     it('renders the admin dashboard text and overviews', () => {
    >  7 |         render(<AdminDashboard />);
         |               ^
       8 |         expect(screen.getByText('System Overview')).toBeInTheDocument();
       9 |         expect(screen.getByText('Active Users')).toBeInTheDocument();
      10 |         expect(screen.getByText('Pending Approvals')).toBeInTheDocument();

      at printWarning (node_modules/react-dom/cjs/react-dom-test-utils.development.js:71:30)
      at error (node_modules/react-dom/cjs/react-dom-test-utils.development.js:45:7)
      at actWithWarning (node_modules/react-dom/cjs/react-dom-test-utils.development.js:1736:7)
      at node_modules/@testing-library/react/dist/act-compat.js:63:25
      at renderRoot (node_modules/@testing-library/react/dist/pure.js:159:26)
      at render (node_modules/@testing-library/react/dist/pure.js:246:10)
      at Object.<anonymous> (src/pages/__tests__/AdminDashboard.test.js:7:15)

PASS src/pages/__tests__/DoctorDashboard.test.js
  ● Console

    console.error
      Warning: `ReactDOMTestUtils.act` is deprecated in favor of `React.act`. Import `act` from `react` instead of `react-dom/test-utils`. See https://react.dev/warnings/react-dom-test-utils for more info.

       5 | describe('DoctorDashboard Component', () => {
       6 |     it('renders doc dashboard elements correctly', () => {
    >  7 |         render(<DoctorDashboard />);
         |               ^
       8 |         expect(screen.getByText('Doctor Overview')).toBeInTheDocument();
       9 |         expect(screen.getByText('Today’s Patients')).toBeInTheDocument();
      10 |         expect(screen.getByText('Priority Tasks')).toBeInTheDocument();

      at printWarning (node_modules/react-dom/cjs/react-dom-test-utils.development.js:71:30)
      at error (node_modules/react-dom/cjs/react-dom-test-utils.development.js:45:7)
      at actWithWarning (node_modules/react-dom/cjs/react-dom-test-utils.development.js:1736:7)
      at node_modules/@testing-library/react/dist/act-compat.js:63:25
      at renderRoot (node_modules/@testing-library/react/dist/pure.js:159:26)
      at render (node_modules/@testing-library/react/dist/pure.js:246:10)
      at Object.<anonymous> (src/pages/__tests__/DoctorDashboard.test.js:7:15)

PASS src/pages/__tests__/NotFound.test.js
  ● Console

    console.error
      Warning: `ReactDOMTestUtils.act` is deprecated in favor of `React.act`. Import `act` from `react` instead of `react-dom/test-utils`. See https://react.dev/warnings/react-dom-test-utils for more info.

       5 | describe('NotFound', () => {
       6 |     it('renders the 404 text', () => {
    >  7 |         render(<NotFound />);
         |               ^
       8 |         expect(screen.getByText('NotFound')).toBeInTheDocument();
       9 |     });
      10 | });

      at printWarning (node_modules/react-dom/cjs/react-dom-test-utils.development.js:71:30)
      at error (node_modules/react-dom/cjs/react-dom-test-utils.development.js:45:7)
      at actWithWarning (node_modules/react-dom/cjs/react-dom-test-utils.development.js:1736:7)
      at node_modules/@testing-library/react/dist/act-compat.js:63:25
      at renderRoot (node_modules/@testing-library/react/dist/pure.js:159:26)
      at render (node_modules/@testing-library/react/dist/pure.js:246:10)
      at Object.<anonymous> (src/pages/__tests__/NotFound.test.js:7:15)

PASS src/pages/__tests__/Unauthorized.test.js
  ● Console

    console.error
      Warning: `ReactDOMTestUtils.act` is deprecated in favor of `React.act`. Import `act` from `react` instead of `react-dom/test-utils`. See https://react.dev/warnings/react-dom-test-utils for more info.

       5 | describe('Unauthorized Component', () => {
       6 |     it('renders the unauthorized placeholder', () => {
    >  7 |         render(<Unauthorized />);
         |               ^
       8 |         expect(screen.getByText('Unauthorized')).toBeInTheDocument();
       9 |     });
      10 | });

      at printWarning (node_modules/react-dom/cjs/react-dom-test-utils.development.js:71:30)
      at error (node_modules/react-dom/cjs/react-dom-test-utils.development.js:45:7)
      at actWithWarning (node_modules/react-dom/cjs/react-dom-test-utils.development.js:1736:7)
      at node_modules/@testing-library/react/dist/act-compat.js:63:25
      at renderRoot (node_modules/@testing-library/react/dist/pure.js:159:26)
      at render (node_modules/@testing-library/react/dist/pure.js:246:10)
      at Object.<anonymous> (src/pages/__tests__/Unauthorized.test.js:7:15)

PASS src/pages/__tests__/LabDashboard.test.js
  ● Console

    console.error
      Warning: `ReactDOMTestUtils.act` is deprecated in favor of `React.act`. Import `act` from `react` instead of `react-dom/test-utils`. See https://react.dev/warnings/react-dom-test-utils for more info.

       5 | describe('LabDashboard Component', () => {
       6 |     it('renders the lab dashboard placeholder', () => {
    >  7 |         render(<LabDashboard />);
         |               ^
       8 |         expect(screen.getByText('LabDashboard')).toBeInTheDocument();
       9 |     });
      10 | });

      at printWarning (node_modules/react-dom/cjs/react-dom-test-utils.development.js:71:30)
      at error (node_modules/react-dom/cjs/react-dom-test-utils.development.js:45:7)
      at actWithWarning (node_modules/react-dom/cjs/react-dom-test-utils.development.js:1736:7)
      at node_modules/@testing-library/react/dist/act-compat.js:63:25
      at renderRoot (node_modules/@testing-library/react/dist/pure.js:159:26)
      at render (node_modules/@testing-library/react/dist/pure.js:246:10)
      at Object.<anonymous> (src/pages/__tests__/LabDashboard.test.js:7:15)

PASS src/pages/__tests__/PharmacyDashboard.test.js
  ● Console

    console.error
      Warning: `ReactDOMTestUtils.act` is deprecated in favor of `React.act`. Import `act` from `react` instead of `react-dom/test-utils`. See https://react.dev/warnings/react-dom-test-utils for more info.

       5 | describe('PharmacyDashboard Component', () => {
       6 |     it('renders the pharmacy dashboard placeholder', () => {
    >  7 |         render(<PharmacyDashboard />);
         |               ^
       8 |         expect(screen.getByText('PharmacyDashboard')).toBeInTheDocument();
       9 |     });
      10 | });

      at printWarning (node_modules/react-dom/cjs/react-dom-test-utils.development.js:71:30)
      at error (node_modules/react-dom/cjs/react-dom-test-utils.development.js:45:7)
      at actWithWarning (node_modules/react-dom/cjs/react-dom-test-utils.development.js:1736:7)
      at node_modules/@testing-library/react/dist/act-compat.js:63:25
      at renderRoot (node_modules/@testing-library/react/dist/pure.js:159:26)
      at render (node_modules/@testing-library/react/dist/pure.js:246:10)
      at Object.<anonymous> (src/pages/__tests__/PharmacyDashboard.test.js:7:15)
      at TestScheduler.scheduleTests (node_modules/@jest/core/build/TestScheduler.js:333:13)
      at runJest (node_modules/@jest/core/build/runJest.js:404:19)
      at _run10000 (node_modules/@jest/core/build/cli/index.js:320:7)
      at runCLI (node_modules/@jest/core/build/cli/index.js:173:3)


Test Suites: 1 failed, 11 passed, 12 total
Tests:       1 failed, 19 passed, 20 total
Snapshots:   0 total
Time:        3.292 s, estimated 8 s
Ran all test suites matching /src\/pages\/__tests__\//i.
